
> @briandawson/mpcm-pro@0.3.2 build
> tsc

